Query {
    spanset: Filter(
        SpansetFilter {
            body: Some(
                Binary {
                    op: Bool(
                        And,
                    ),
                    lhs: Binary {
                        op: Bool(
                            And,
                        ),
                        lhs: Binary {
                            op: Cmp(
                                Lt,
                            ),
                            lhs: Field(
                                Intrinsic(
                                    NestedSetParent,
                                ),
                            ),
                            rhs: Literal(
                                Number(
                                    "0",
                                ),
                            ),
                        },
                        rhs: Literal(
                            Bool(
                                true,
                            ),
                        ),
                    },
                    rhs: Exists {
                        field: Attribute {
                            scope: Resource,
                            key: "service.name",
                        },
                        negated: false,
                    },
                },
            ),
        },
    ),
    pipeline: [
        Metric(
            MetricStage {
                func: Rate,
                by: [
                    Attribute {
                        scope: Resource,
                        key: "service.name",
                    },
                ],
                hints: [],
                result_filter: None,
            },
        ),
    ],
    hints: [],
}
