Query {
    spanset: Filter(
        SpansetFilter {
            body: Some(
                Binary {
                    op: Bool(
                        And,
                    ),
                    lhs: Binary {
                        op: Cmp(
                            Lt,
                        ),
                        lhs: Field(
                            Intrinsic(
                                NestedSetParent,
                            ),
                        ),
                        rhs: Literal(
                            Number(
                                "0",
                            ),
                        ),
                    },
                    rhs: Literal(
                        Bool(
                            true,
                        ),
                    ),
                },
            ),
        },
    ),
    pipeline: [
        Metric(
            MetricStage {
                func: Rate,
                by: [],
                hints: [
                    MetricHint {
                        key: "sample",
                        value: Bool(
                            true,
                        ),
                    },
                ],
                result_filter: None,
            },
        ),
    ],
    hints: [],
}
