Query {
    spanset: Filter(
        SpansetFilter {
            body: None,
        },
    ),
    pipeline: [
        Aggregate {
            op: Avg,
            field: Some(
                Field(
                    Intrinsic(
                        Name,
                    ),
                ),
            ),
            cmp: Gt,
            value: Number(
                "1",
            ),
        },
    ],
    hints: [],
}
