Query {
    spanset: Filter(
        SpansetFilter {
            body: Some(
                ArithCompare {
                    lhs: Field(
                        Attribute {
                            scope: Unscoped,
                            key: "a",
                        },
                    ),
                    op: Eq,
                    rhs: Arith {
                        op: Div,
                        lhs: Literal(
                            Number(
                                "4",
                            ),
                        ),
                        rhs: Literal(
                            Number(
                                "2",
                            ),
                        ),
                    },
                },
            ),
        },
    ),
    pipeline: [],
    hints: [],
}
