Query {
    spanset: Filter(
        SpansetFilter {
            body: Some(
                Binary {
                    op: Cmp(
                        Eq,
                    ),
                    lhs: Field(
                        Attribute {
                            scope: Unscoped,
                            key: "a",
                        },
                    ),
                    rhs: Unary {
                        op: Neg,
                        expr: Literal(
                            Number(
                                "1",
                            ),
                        ),
                    },
                },
            ),
        },
    ),
    pipeline: [],
    hints: [],
}
