Query {
    spanset: Filter(
        SpansetFilter {
            body: Some(
                Comparison {
                    field: Attribute {
                        scope: Span,
                        key: "http.method",
                    },
                    op: Eq,
                    value: String(
                        "POST",
                    ),
                },
            ),
        },
    ),
    pipeline: [],
}
