Query {
    spanset: Filter(
        SpansetFilter {
            body: Some(
                Binary {
                    op: Cmp(
                        Re,
                    ),
                    lhs: Field(
                        Attribute {
                            scope: Span,
                            key: "http.route",
                        },
                    ),
                    rhs: Literal(
                        String(
                            "/api/v\\d+/.*",
                        ),
                    ),
                },
            ),
        },
    ),
    pipeline: [],
    hints: [],
}
