Query {
    spanset: Filter(
        SpansetFilter {
            body: Some(
                Binary {
                    op: Cmp(
                        Gte,
                    ),
                    lhs: Field(
                        Attribute {
                            scope: Span,
                            key: "http.status_code",
                        },
                    ),
                    rhs: Literal(
                        Number(
                            "500",
                        ),
                    ),
                },
            ),
        },
    ),
    pipeline: [],
    hints: [],
}
