Query {
    spanset: Filter(
        SpansetFilter {
            body: Some(
                Comparison {
                    field: Attribute {
                        scope: Unscoped,
                        key: "success",
                    },
                    op: Eq,
                    value: Bool(
                        true,
                    ),
                },
            ),
        },
    ),
    pipeline: [],
    hints: [],
}
