Query {
    spanset: Filter(
        SpansetFilter {
            body: Some(
                Binary {
                    op: Cmp(
                        Neq,
                    ),
                    lhs: Field(
                        Attribute {
                            scope: Unscoped,
                            key: "env",
                        },
                    ),
                    rhs: Literal(
                        String(
                            "prod",
                        ),
                    ),
                },
            ),
        },
    ),
    pipeline: [],
    hints: [],
}
