Query {
    spanset: Filter(
        SpansetFilter {
            body: Some(
                Binary {
                    op: Cmp(
                        Eq,
                    ),
                    lhs: Field(
                        Attribute {
                            scope: Span,
                            key: "client.timeout",
                        },
                    ),
                    rhs: Literal(
                        Duration(
                            Duration(
                                5000000000,
                            ),
                        ),
                    ),
                },
            ),
        },
    ),
    pipeline: [],
    hints: [],
}
