Query {
    spanset: Filter(
        SpansetFilter {
            body: Some(
                Comparison {
                    field: Attribute {
                        scope: Unscoped,
                        key: "env",
                    },
                    op: Neq,
                    value: String(
                        "prod",
                    ),
                },
            ),
        },
    ),
    pipeline: [],
}
