Query {
    spanset: Filter(
        SpansetFilter {
            body: Some(
                Binary {
                    op: Cmp(
                        Neq,
                    ),
                    lhs: Field(
                        Attribute {
                            scope: Span,
                            key: "retried",
                        },
                    ),
                    rhs: Literal(
                        Bool(
                            false,
                        ),
                    ),
                },
            ),
        },
    ),
    pipeline: [],
    hints: [],
}
