Query {
    spanset: Filter(
        SpansetFilter {
            body: Some(
                Binary {
                    op: Cmp(
                        Nre,
                    ),
                    lhs: Field(
                        Attribute {
                            scope: Resource,
                            key: "deployment.environment",
                        },
                    ),
                    rhs: Literal(
                        String(
                            "dev|test",
                        ),
                    ),
                },
            ),
        },
    ),
    pipeline: [],
    hints: [],
}
