Query {
    spanset: Filter(
        SpansetFilter {
            body: Some(
                Comparison {
                    field: Attribute {
                        scope: Span,
                        key: "retried",
                    },
                    op: Neq,
                    value: Bool(
                        false,
                    ),
                },
            ),
        },
    ),
    pipeline: [],
    hints: [],
}
