Query {
    spanset: Filter(
        SpansetFilter {
            body: Some(
                Binary {
                    op: Cmp(
                        Eq,
                    ),
                    lhs: Field(
                        Attribute {
                            scope: Unscoped,
                            key: "a",
                        },
                    ),
                    rhs: Literal(
                        Number(
                            "1",
                        ),
                    ),
                },
            ),
        },
    ),
    pipeline: [
        By {
            key: Binary {
                op: Arith(
                    Add,
                ),
                lhs: Field(
                    Attribute {
                        scope: Unscoped,
                        key: "b",
                    },
                ),
                rhs: Field(
                    Attribute {
                        scope: Unscoped,
                        key: "c",
                    },
                ),
            },
        },
    ],
    hints: [],
}
