Query {
    spanset: Filter(
        SpansetFilter {
            body: Some(
                Exists {
                    field: Attribute {
                        scope: Unscoped,
                        key: "a",
                    },
                    negated: false,
                },
            ),
        },
    ),
    pipeline: [],
    hints: [],
}
