Query {
    spanset: Filter(
        SpansetFilter {
            body: Some(
                Exists(
                    Attribute {
                        scope: Unscoped,
                        key: "a",
                    },
                ),
            ),
        },
    ),
    pipeline: [],
    hints: [],
}
