Query {
    spanset: Filter(
        SpansetFilter {
            body: Some(
                Binary {
                    op: Or,
                    lhs: Comparison {
                        field: Attribute {
                            scope: Unscoped,
                            key: "a",
                        },
                        op: Eq,
                        value: Number(
                            "1",
                        ),
                    },
                    rhs: Binary {
                        op: And,
                        lhs: Comparison {
                            field: Attribute {
                                scope: Unscoped,
                                key: "b",
                            },
                            op: Eq,
                            value: Number(
                                "2",
                            ),
                        },
                        rhs: Comparison {
                            field: Attribute {
                                scope: Unscoped,
                                key: "c",
                            },
                            op: Eq,
                            value: Number(
                                "3",
                            ),
                        },
                    },
                },
            ),
        },
    ),
    pipeline: [],
}
