Query {
    spanset: Filter(
        SpansetFilter {
            body: Some(
                Binary {
                    op: Bool(
                        And,
                    ),
                    lhs: Binary {
                        op: Bool(
                            And,
                        ),
                        lhs: Binary {
                            op: Cmp(
                                Eq,
                            ),
                            lhs: Field(
                                Attribute {
                                    scope: Resource,
                                    key: "service.name",
                                },
                            ),
                            rhs: Literal(
                                String(
                                    "checkout",
                                ),
                            ),
                        },
                        rhs: Binary {
                            op: Cmp(
                                Gte,
                            ),
                            lhs: Field(
                                Attribute {
                                    scope: Span,
                                    key: "http.status_code",
                                },
                            ),
                            rhs: Literal(
                                Number(
                                    "500",
                                ),
                            ),
                        },
                    },
                    rhs: Binary {
                        op: Cmp(
                            Gt,
                        ),
                        lhs: Field(
                            Intrinsic(
                                Duration,
                            ),
                        ),
                        rhs: Literal(
                            Duration(
                                Duration(
                                    2000000000,
                                ),
                            ),
                        ),
                    },
                },
            ),
        },
    ),
    pipeline: [],
    hints: [],
}
