Query {
    spanset: Filter(
        SpansetFilter {
            body: Some(
                Binary {
                    op: Cmp(
                        Gte,
                    ),
                    lhs: Field(
                        Intrinsic(
                            NestedSetRight,
                        ),
                    ),
                    rhs: Literal(
                        Number(
                            "1",
                        ),
                    ),
                },
            ),
        },
    ),
    pipeline: [],
    hints: [],
}
