Query {
    spanset: Filter(
        SpansetFilter {
            body: Some(
                Comparison {
                    field: Intrinsic(
                        Status,
                    ),
                    op: Eq,
                    value: Status(
                        Unset,
                    ),
                },
            ),
        },
    ),
    pipeline: [],
    hints: [],
}
