Query {
    spanset: Filter(
        SpansetFilter {
            body: Some(
                Comparison {
                    field: Intrinsic(
                        NestedSetParent,
                    ),
                    op: Lt,
                    value: Number(
                        "0",
                    ),
                },
            ),
        },
    ),
    pipeline: [],
    hints: [],
}
