Query {
    spanset: Filter(
        SpansetFilter {
            body: Some(
                Comparison {
                    field: Intrinsic(
                        Status,
                    ),
                    op: Neq,
                    value: Status(
                        Ok,
                    ),
                },
            ),
        },
    ),
    pipeline: [],
}
