Query {
    spanset: Filter(
        SpansetFilter {
            body: Some(
                Binary {
                    op: Cmp(
                        Gt,
                    ),
                    lhs: Field(
                        Intrinsic(
                            Duration,
                        ),
                    ),
                    rhs: Literal(
                        Duration(
                            Duration(
                                100000000,
                            ),
                        ),
                    ),
                },
            ),
        },
    ),
    pipeline: [],
    hints: [],
}
