Query {
    spanset: Filter(
        SpansetFilter {
            body: Some(
                Binary {
                    op: Cmp(
                        Neq,
                    ),
                    lhs: Field(
                        Intrinsic(
                            Kind,
                        ),
                    ),
                    rhs: Literal(
                        Kind(
                            Producer,
                        ),
                    ),
                },
            ),
        },
    ),
    pipeline: [],
    hints: [],
}
