Query {
    spanset: Filter(
        SpansetFilter {
            body: Some(
                Binary {
                    op: Cmp(
                        Eq,
                    ),
                    lhs: Field(
                        Intrinsic(
                            LinkTraceId,
                        ),
                    ),
                    rhs: Literal(
                        String(
                            "000102030405060708090a0b0c0d0e0f",
                        ),
                    ),
                },
            ),
        },
    ),
    pipeline: [],
    hints: [],
}
