Query {
    spanset: Filter(
        SpansetFilter {
            body: Some(
                Comparison {
                    field: Intrinsic(
                        NestedSetRight,
                    ),
                    op: Gte,
                    value: Number(
                        "1",
                    ),
                },
            ),
        },
    ),
    pipeline: [],
}
