Query {
    spanset: Filter(
        SpansetFilter {
            body: Some(
                Comparison {
                    field: Intrinsic(
                        RootName,
                    ),
                    op: Eq,
                    value: String(
                        "GET /",
                    ),
                },
            ),
        },
    ),
    pipeline: [],
}
