Query {
    spanset: Filter(
        SpansetFilter {
            body: Some(
                Comparison {
                    field: Intrinsic(
                        LinkTraceId,
                    ),
                    op: Eq,
                    value: String(
                        "000102030405060708090a0b0c0d0e0f",
                    ),
                },
            ),
        },
    ),
    pipeline: [],
    hints: [],
}
