Query {
    spanset: Filter(
        SpansetFilter {
            body: Some(
                Binary {
                    op: Cmp(
                        Eq,
                    ),
                    lhs: Field(
                        Intrinsic(
                            Status,
                        ),
                    ),
                    rhs: Literal(
                        Status(
                            Unset,
                        ),
                    ),
                },
            ),
        },
    ),
    pipeline: [],
    hints: [],
}
