Query {
    spanset: Filter(
        SpansetFilter {
            body: Some(
                Binary {
                    op: Cmp(
                        Eq,
                    ),
                    lhs: Field(
                        Intrinsic(
                            StatusMessage,
                        ),
                    ),
                    rhs: Literal(
                        String(
                            "boom",
                        ),
                    ),
                },
            ),
        },
    ),
    pipeline: [],
    hints: [],
}
