Query {
    spanset: Filter(
        SpansetFilter {
            body: Some(
                Comparison {
                    field: Intrinsic(
                        Name,
                    ),
                    op: Re,
                    value: String(
                        "GET.*",
                    ),
                },
            ),
        },
    ),
    pipeline: [],
}
