Query {
    spanset: Filter(
        SpansetFilter {
            body: None,
        },
    ),
    pipeline: [
        Metric(
            MetricStage {
                func: CountOverTime,
                by: [],
                hints: [],
                result_filter: None,
            },
        ),
    ],
}
