Query {
    spanset: Filter(
        SpansetFilter {
            body: Some(
                Binary {
                    op: Cmp(
                        Eq,
                    ),
                    lhs: Field(
                        Attribute {
                            scope: Unscoped,
                            key: "a",
                        },
                    ),
                    rhs: Literal(
                        Number(
                            "1",
                        ),
                    ),
                },
            ),
        },
    ),
    pipeline: [
        Metric(
            MetricStage {
                func: Rate,
                by: [
                    Attribute {
                        scope: Resource,
                        key: "service.name",
                    },
                ],
                hints: [],
                result_filter: None,
            },
        ),
    ],
    hints: [],
}
