Query {
    spanset: Filter(
        SpansetFilter {
            body: Some(
                Binary {
                    op: Cmp(
                        Eq,
                    ),
                    lhs: Field(
                        Attribute {
                            scope: Unscoped,
                            key: "a",
                        },
                    ),
                    rhs: Literal(
                        Number(
                            "1",
                        ),
                    ),
                },
            ),
        },
    ),
    pipeline: [
        Compare {
            selection: SpansetFilter {
                body: Some(
                    Binary {
                        op: Cmp(
                            Eq,
                        ),
                        lhs: Field(
                            Attribute {
                                scope: Unscoped,
                                key: "b",
                            },
                        ),
                        rhs: Literal(
                            Number(
                                "2",
                            ),
                        ),
                    },
                ),
            },
            top_n: 10,
            start_ns: 1787900555000000000,
            end_ns: 1787904155000000000,
            hints: [],
        },
    ],
    hints: [],
}
