Query {
    spanset: Filter(
        SpansetFilter {
            body: Some(
                Unary {
                    op: Not,
                    expr: Binary {
                        op: Cmp(
                            Eq,
                        ),
                        lhs: Field(
                            Attribute {
                                scope: Unscoped,
                                key: "a",
                            },
                        ),
                        rhs: Literal(
                            Number(
                                "1",
                            ),
                        ),
                    },
                },
            ),
        },
    ),
    pipeline: [],
    hints: [],
}
