Query {
    spanset: Filter(
        SpansetFilter {
            body: Some(
                Comparison {
                    field: Attribute {
                        scope: Event,
                        key: "exception.type",
                    },
                    op: Eq,
                    value: String(
                        "IOError",
                    ),
                },
            ),
        },
    ),
    pipeline: [],
    hints: [],
}
