Query {
    spanset: Filter(
        SpansetFilter {
            body: Some(
                Comparison {
                    field: Attribute {
                        scope: Link,
                        key: "relation",
                    },
                    op: Eq,
                    value: String(
                        "child_of",
                    ),
                },
            ),
        },
    ),
    pipeline: [],
    hints: [],
}
