Query {
    spanset: Filter(
        SpansetFilter {
            body: Some(
                Comparison {
                    field: Attribute {
                        scope: Instrumentation,
                        key: "name",
                    },
                    op: Eq,
                    value: String(
                        "otel",
                    ),
                },
            ),
        },
    ),
    pipeline: [],
    hints: [],
}
