Query {
    spanset: Filter(
        SpansetFilter {
            body: Some(
                Binary {
                    op: Cmp(
                        Eq,
                    ),
                    lhs: Field(
                        Attribute {
                            scope: Event,
                            key: "exception.type",
                        },
                    ),
                    rhs: Literal(
                        String(
                            "IOError",
                        ),
                    ),
                },
            ),
        },
    ),
    pipeline: [],
    hints: [],
}
