Query {
    spanset: Filter(
        SpansetFilter {
            body: Some(
                Binary {
                    op: Cmp(
                        Eq,
                    ),
                    lhs: Field(
                        Attribute {
                            scope: Span,
                            key: "attr with spaces",
                        },
                    ),
                    rhs: Literal(
                        Number(
                            "1",
                        ),
                    ),
                },
            ),
        },
    ),
    pipeline: [],
    hints: [],
}
