Query {
    spanset: Filter(
        SpansetFilter {
            body: Some(
                Binary {
                    op: Cmp(
                        Eq,
                    ),
                    lhs: Field(
                        Intrinsic(
                            Status,
                        ),
                    ),
                    rhs: Literal(
                        Status(
                            Error,
                        ),
                    ),
                },
            ),
        },
    ),
    pipeline: [
        Select {
            fields: [
                Attribute {
                    scope: Span,
                    key: "http.status_code",
                },
                Attribute {
                    scope: Unscoped,
                    key: "foo",
                },
                Attribute {
                    scope: Resource,
                    key: "service.name",
                },
            ],
        },
    ],
    hints: [],
}
