Query {
    spanset: Binary {
        op: And,
        lhs: Binary {
            op: Or,
            lhs: Filter(
                SpansetFilter {
                    body: Some(
                        Comparison {
                            field: Attribute {
                                scope: Unscoped,
                                key: "a",
                            },
                            op: Eq,
                            value: Number(
                                "1",
                            ),
                        },
                    ),
                },
            ),
            rhs: Filter(
                SpansetFilter {
                    body: Some(
                        Comparison {
                            field: Attribute {
                                scope: Unscoped,
                                key: "b",
                            },
                            op: Eq,
                            value: Number(
                                "2",
                            ),
                        },
                    ),
                },
            ),
        },
        rhs: Filter(
            SpansetFilter {
                body: Some(
                    Comparison {
                        field: Attribute {
                            scope: Unscoped,
                            key: "c",
                        },
                        op: Eq,
                        value: Number(
                            "3",
                        ),
                    },
                ),
            },
        ),
    },
    pipeline: [],
}
