Query {
    spanset: Binary {
        op: And,
        lhs: Filter(
            SpansetFilter {
                body: Some(
                    Binary {
                        op: Cmp(
                            Eq,
                        ),
                        lhs: Field(
                            Attribute {
                                scope: Unscoped,
                                key: "a",
                            },
                        ),
                        rhs: Literal(
                            Number(
                                "1",
                            ),
                        ),
                    },
                ),
            },
        ),
        rhs: Filter(
            SpansetFilter {
                body: Some(
                    Binary {
                        op: Cmp(
                            Eq,
                        ),
                        lhs: Field(
                            Attribute {
                                scope: Unscoped,
                                key: "b",
                            },
                        ),
                        rhs: Literal(
                            Number(
                                "2",
                            ),
                        ),
                    },
                ),
            },
        ),
    },
    pipeline: [],
    hints: [],
}
