Query {
    spanset: Filter(
        SpansetFilter {
            body: Some(
                Comparison {
                    field: Intrinsic(
                        Name,
                    ),
                    op: Eq,
                    value: String(
                        "Az",
                    ),
                },
            ),
        },
    ),
    pipeline: [],
}
