Query {
    spanset: Filter(
        SpansetFilter {
            body: Some(
                Binary {
                    op: Cmp(
                        Eq,
                    ),
                    lhs: Field(
                        Intrinsic(
                            Name,
                        ),
                    ),
                    rhs: Literal(
                        String(
                            "col1\tcol2\n\"quoted\" \\ bell\u{7} vt\u{b} bs\u{8} ff\u{c} cr\r",
                        ),
                    ),
                },
            ),
        },
    ),
    pipeline: [],
    hints: [],
}
