Query {
    spanset: Filter(
        SpansetFilter {
            body: Some(
                Comparison {
                    field: Intrinsic(
                        Name,
                    ),
                    op: Eq,
                    value: String(
                        "col1\tcol2\n\"quoted\" \\ bell\u{7} vt\u{b} bs\u{8} ff\u{c} cr\r",
                    ),
                },
            ),
        },
    ),
    pipeline: [],
}
