crates/pulsus-clickhouse/src/client.rs:156-164
crates/pulsus-clickhouse/src/lib.rs:6-10
crates/pulsus-read/src/logql/plan.rs:5573-5581
crates/pulsus-schema/src/catalog.rs:195-195
crates/pulsus-schema/src/catalog.rs:254-254
crates/pulsus-server/tests/fingerprint_collision_live.rs:676-682
crates/pulsus-server/tests/fingerprint_collision_live.rs:909-909
crates/pulsus-server/tests/logs_api_live.rs:1404-1404
crates/pulsus-write/src/ingest/metrics.rs:94-97
crates/pulsus-write/src/protocols/otlp_logs.rs:111-113
crates/pulsus-write/src/writer/backfill.rs:23-28
crates/pulsus-write/src/writer/mod.rs:36-40
crates/pulsus-write/src/writer/mod.rs:566-568
crates/pulsus-write/src/writer/trace.rs:159-159
crates/pulsus-write/src/writer/trace.rs:5-5
crates/pulsus-write/tests/log_patterns_fidelity.rs:13-14
docs/116.md:64-64
docs/116.md:75-75
docs/116.md:76-76
docs/architecture.md:196-196
docs/architecture.md:337-342
docs/architecture.md:378-378
docs/configuration.md:126-126
docs/decisions/0006-log-pattern-extraction.md:52-62
docs/schemas.md:1089-1089
docs/schemas.md:174-174
docs/traceql-schema-migration.md:2289-2289
